\BOOKMARK [0][-]{section*.1}{\376\377\000\315\000n\000d\000i\000c\000e\000\040\000g\000e\000n\000e\000r\000a\000l}{}% 1
\BOOKMARK [0][-]{section*.2}{\376\377\000\315\000n\000d\000i\000c\000e\000\040\000d\000e\000\040\000f\000i\000g\000u\000r\000a\000s}{}% 2
\BOOKMARK [0][-]{section*.3}{\376\377\000\315\000n\000d\000i\000c\000e\000\040\000d\000e\000\040\000t\000a\000b\000l\000a\000s}{}% 3
\BOOKMARK [-1][-]{section*.3}{\376\377\000M\000e\000m\000o\000r\000i\000a}{}% 4
\BOOKMARK [0][-]{chapter.1}{\376\377\000I\000n\000t\000r\000o\000d\000u\000c\000c\000i\000\363\000n}{section*.3}% 5
\BOOKMARK [1][-]{section.1.1}{\376\377\000C\000o\000n\000t\000e\000x\000t\000o}{chapter.1}% 6
\BOOKMARK [1][-]{section.1.2}{\376\377\000O\000b\000j\000e\000t\000i\000v\000o\000s}{chapter.1}% 7
\BOOKMARK [1][-]{section.1.3}{\376\377\000N\000i\000c\000h\000o\000\040\000d\000e\000\040\000m\000e\000r\000c\000a\000d\000o}{chapter.1}% 8
\BOOKMARK [1][-]{section.1.4}{\376\377\000E\000s\000t\000r\000u\000c\000t\000u\000r\000a\000\040\000d\000e\000\040\000l\000a\000\040\000m\000e\000m\000o\000r\000i\000a}{chapter.1}% 9
\BOOKMARK [0][-]{chapter.2}{\376\377\000M\000e\000t\000o\000d\000o\000l\000o\000g\000\355\000a\000\040\000y\000\040\000p\000l\000a\000n\000i\000f\000i\000c\000a\000c\000i\000\363\000n}{section*.3}% 10
\BOOKMARK [1][-]{section.2.1}{\376\377\000D\000i\000n\000\341\000m\000i\000c\000a\000\040\000d\000e\000\040\000t\000r\000a\000b\000a\000j\000o}{chapter.2}% 11
\BOOKMARK [1][-]{section.2.2}{\376\377\000M\000e\000t\000o\000d\000o\000l\000o\000g\000\355\000a\000\040\000d\000e\000\040\000t\000r\000a\000b\000a\000j\000o}{chapter.2}% 12
\BOOKMARK [1][-]{section.2.3}{\376\377\000P\000l\000a\000n\000i\000f\000i\000c\000a\000c\000i\000\363\000n\000\040\000i\000n\000i\000c\000i\000a\000l\000\040\000d\000e\000l\000\040\000p\000r\000o\000y\000e\000c\000t\000o}{chapter.2}% 13
\BOOKMARK [1][-]{section.2.4}{\376\377\000P\000l\000a\000n\000\040\000d\000e\000\040\000R\000i\000e\000s\000g\000o\000s}{chapter.2}% 14
\BOOKMARK [1][-]{section.2.5}{\376\377\000P\000l\000a\000n\000i\000f\000i\000c\000a\000c\000i\000\363\000n\000\040\000f\000i\000n\000a\000l\000\040\000d\000e\000l\000\040\000p\000r\000o\000y\000e\000c\000t\000o}{chapter.2}% 15
\BOOKMARK [1][-]{section.2.6}{\376\377\000P\000r\000e\000s\000u\000p\000u\000e\000s\000t\000o}{chapter.2}% 16
\BOOKMARK [0][-]{chapter.3}{\376\377\000I\000n\000v\000e\000s\000t\000i\000g\000a\000c\000i\000\363\000n\000\040\000y\000\040\000c\000o\000n\000c\000e\000p\000t\000o\000s\000\040\000t\000e\000\363\000r\000i\000c\000o\000s}{section*.3}% 17
\BOOKMARK [1][-]{section.3.1}{\376\377\000C\000o\000n\000c\000e\000p\000t\000o\000s\000\040\000b\000\341\000s\000i\000c\000o\000s}{chapter.3}% 18
\BOOKMARK [1][-]{section.3.2}{\376\377\000F\000o\000r\000m\000a\000s\000\040\000d\000e\000\040\000a\000d\000a\000p\000t\000a\000c\000i\000\363\000n\000\040\000d\000e\000\040\000u\000n\000\040\000m\000o\000d\000e\000l\000o\000\040\000a\000l\000\040\000c\000o\000n\000t\000e\000x\000t\000o}{chapter.3}% 19
\BOOKMARK [-1][-]{part.1}{\376\377\000P\000l\000a\000n\000t\000e\000a\000m\000i\000e\000n\000t\000o\000\040\000d\000e\000l\000\040\000T\000r\000a\000b\000a\000j\000o}{}% 20
\BOOKMARK [0][-]{chapter.4}{\376\377\000C\000o\000m\000p\000r\000e\000n\000s\000i\000\363\000n\000\040\000d\000e\000l\000\040\000n\000e\000g\000o\000c\000i\000o}{part.1}% 21
\BOOKMARK [1][-]{section.4.1}{\376\377\000R\000e\000q\000u\000i\000s\000i\000t\000o\000s\000\040\000d\000e\000\040\000e\000s\000t\000i\000l\000o\000\040\000y\000\040\000l\000e\000g\000i\000b\000i\000l\000i\000d\000a\000d}{chapter.4}% 22
\BOOKMARK [1][-]{section.4.2}{\376\377\000R\000e\000q\000u\000i\000s\000i\000t\000o\000s\000\040\000d\000e\000\040\000E\000s\000t\000r\000u\000c\000t\000u\000r\000a\000\040\000y\000\040\000F\000l\000u\000j\000o\000\040\000d\000e\000\040\000C\000o\000n\000t\000r\000o\000l}{chapter.4}% 23
\BOOKMARK [1][-]{section.4.3}{\376\377\000R\000e\000q\000u\000i\000s\000i\000t\000o\000s\000\040\000d\000e\000\040\000A\000r\000q\000u\000i\000t\000e\000c\000t\000u\000r\000a\000\040\000y\000\040\000D\000i\000s\000e\000\361\000o\000\040\000M\000o\000d\000u\000l\000a\000r}{chapter.4}% 24
\BOOKMARK [1][-]{section.4.4}{\376\377\000R\000e\000s\000t\000r\000i\000c\000c\000i\000o\000n\000e\000s\000\040\000A\000l\000g\000o\000r\000\355\000t\000m\000i\000c\000a\000s}{chapter.4}% 25
\BOOKMARK [1][-]{section.4.5}{\376\377\000C\000o\000n\000c\000e\000p\000t\000o\000s\000\040\000d\000e\000\040\000n\000e\000g\000o\000c\000i\000o\000\040\000a\000\040\000t\000e\000n\000e\000r\000\040\000e\000n\000\040\000c\000u\000e\000n\000t\000a}{chapter.4}% 26
\BOOKMARK [0][-]{chapter.5}{\376\377\000L\000o\000s\000\040\000D\000a\000t\000o\000s}{part.1}% 27
\BOOKMARK [1][-]{section.5.1}{\376\377\000C\000o\000m\000p\000r\000e\000n\000s\000i\000\363\000n\000\040\000d\000e\000\040\000l\000o\000s\000\040\000d\000a\000t\000o\000s}{chapter.5}% 28
\BOOKMARK [1][-]{section.5.2}{\376\377\000P\000r\000e\000p\000a\000r\000a\000c\000i\000\363\000n\000\040\000d\000e\000\040\000l\000o\000s\000\040\000d\000a\000t\000o\000s}{chapter.5}% 29
\BOOKMARK [0][-]{chapter.6}{\376\377\000M\000o\000d\000e\000l\000o\000s}{part.1}% 30
\BOOKMARK [1][-]{section.6.1}{\376\377\000B\000\372\000s\000q\000u\000e\000d\000a\000\040\000d\000e\000\040\000m\000o\000d\000e\000l\000o\000s}{chapter.6}% 31
\BOOKMARK [0][-]{chapter.7}{\376\377\000E\000v\000a\000l\000u\000a\000c\000i\000\363\000n}{part.1}% 32
\BOOKMARK [1][-]{section.7.1}{\376\377\000T\000i\000p\000o\000s\000\040\000d\000e\000\040\000e\000v\000a\000l\000u\000a\000c\000i\000\363\000n}{chapter.7}% 33
\BOOKMARK [0][-]{chapter.8}{\376\377\000D\000e\000s\000p\000l\000i\000e\000g\000u\000e}{part.1}% 34
\BOOKMARK [1][-]{section.8.1}{\376\377\000A\000l\000o\000j\000a\000r\000\040\000e\000l\000\040\000m\000o\000d\000e\000l\000o}{chapter.8}% 35
\BOOKMARK [1][-]{section.8.2}{\376\377\000E\000l\000e\000c\000c\000i\000\363\000n\000\040\000d\000e\000l\000\040\000f\000r\000o\000n\000t\000a\000l}{chapter.8}% 36
\BOOKMARK [-1][-]{part.2}{\376\377\000D\000e\000s\000a\000r\000r\000o\000l\000l\000o\000\040\000d\000e\000l\000\040\000t\000r\000a\000b\000a\000j\000o}{}% 37
\BOOKMARK [0][-]{chapter.9}{\376\377\000P\000r\000u\000e\000b\000a\000\040\000P\000r\000e\000l\000i\000m\000i\000n\000a\000r}{part.2}% 38
\BOOKMARK [1][-]{section.9.1}{\376\377\000T\000r\000a\000b\000a\000j\000o\000\040\000r\000e\000a\000l\000i\000z\000a\000d\000o}{chapter.9}% 39
\BOOKMARK [1][-]{section.9.2}{\376\377\000E\000v\000a\000l\000u\000a\000c\000i\000\363\000n}{chapter.9}% 40
\BOOKMARK [1][-]{section.9.3}{\376\377\000R\000e\000s\000u\000l\000t\000a\000d\000o\000s}{chapter.9}% 41
\BOOKMARK [1][-]{section.9.4}{\376\377\000D\000i\000s\000c\000u\000s\000i\000\363\000n}{chapter.9}% 42
\BOOKMARK [0][-]{chapter.10}{\376\377\000P\000r\000u\000e\000b\000a\000\040\000M\000o\000d\000e\000l\000o\000\040\000I\000n\000i\000c\000i\000a\000l}{part.2}% 43
\BOOKMARK [1][-]{section.10.1}{\376\377\000T\000r\000a\000b\000a\000j\000o\000\040\000R\000e\000a\000l\000i\000z\000a\000d\000o}{chapter.10}% 44
\BOOKMARK [1][-]{section.10.2}{\376\377\000E\000v\000a\000l\000u\000a\000c\000i\000\363\000n}{chapter.10}% 45
\BOOKMARK [1][-]{section.10.3}{\376\377\000R\000e\000s\000u\000l\000t\000a\000d\000o\000s}{chapter.10}% 46
\BOOKMARK [1][-]{section.10.4}{\376\377\000D\000i\000s\000c\000u\000s\000i\000\363\000n}{chapter.10}% 47
\BOOKMARK [0][-]{chapter.11}{\376\377\000I\000m\000p\000l\000e\000m\000e\000n\000t\000a\000c\000i\000\363\000n\000\040\000F\000i\000n\000a\000l}{part.2}% 48
\BOOKMARK [1][-]{section.11.1}{\376\377\000T\000r\000a\000b\000a\000j\000o\000\040\000R\000e\000a\000l\000i\000z\000a\000d\000o}{chapter.11}% 49
\BOOKMARK [1][-]{section.11.2}{\376\377\000E\000v\000a\000l\000u\000a\000c\000i\000\363\000n}{chapter.11}% 50
\BOOKMARK [1][-]{section.11.3}{\376\377\000R\000e\000s\000u\000l\000t\000a\000d\000o\000s}{chapter.11}% 51
\BOOKMARK [1][-]{section.11.4}{\376\377\000D\000i\000s\000c\000u\000s\000i\000\363\000n}{chapter.11}% 52
\BOOKMARK [0][-]{chapter.12}{\376\377\000T\000e\000c\000n\000o\000l\000o\000g\000\355\000a\000s\000\040\000u\000t\000i\000l\000i\000z\000a\000d\000a\000s}{part.2}% 53
\BOOKMARK [1][-]{section.12.1}{\376\377\000P\000y\000t\000h\000o\000n}{chapter.12}% 54
\BOOKMARK [1][-]{section.12.2}{\376\377\000U\000n\000s\000l\000o\000t\000h}{chapter.12}% 55
\BOOKMARK [1][-]{section.12.3}{\376\377\000D\000i\000s\000c\000o\000r\000d}{chapter.12}% 56
\BOOKMARK [1][-]{section.12.4}{\376\377\000O\000v\000e\000r\000l\000e\000a\000f}{chapter.12}% 57
\BOOKMARK [1][-]{section.12.5}{\376\377\000M\000o\000d\000e\000l\000o\000\040\000d\000e\000\040\000g\000r\000a\000n\000\040\000l\000e\000n\000g\000u\000a\000j\000e\000\040\000d\000e\000\040\000M\000e\000t\000a}{chapter.12}% 58
\BOOKMARK [1][-]{section.12.6}{\376\377\000O\000l\000l\000a\000m\000a}{chapter.12}% 59
\BOOKMARK [1][-]{section.12.7}{\376\377\000O\000p\000e\000n\000w\000e\000b\000u\000i}{chapter.12}% 60
\BOOKMARK [1][-]{section.12.8}{\376\377\000H\000u\000g\000g\000i\000n\000g\000F\000a\000c\000e}{chapter.12}% 61
\BOOKMARK [0][-]{chapter.13}{\376\377\000C\000o\000n\000c\000l\000u\000s\000i\000o\000n\000e\000s\000\040\000y\000\040\000L\000\355\000n\000e\000a\000s\000\040\000d\000e\000\040\000t\000r\000a\000b\000a\000j\000o\000\040\000f\000u\000t\000u\000r\000a\000s}{part.2}% 62
\BOOKMARK [1][-]{section.13.1}{\376\377\000C\000o\000n\000c\000l\000u\000s\000i\000o\000n\000e\000s}{chapter.13}% 63
\BOOKMARK [1][-]{section.13.2}{\376\377\000R\000e\000f\000l\000e\000x\000i\000o\000n\000e\000s}{chapter.13}% 64
\BOOKMARK [1][-]{section.13.3}{\376\377\000L\000\355\000n\000e\000a\000s\000\040\000d\000e\000\040\000t\000r\000a\000b\000a\000j\000o\000\040\000f\000u\000t\000u\000r\000a\000s}{chapter.13}% 65
\BOOKMARK [-1][-]{section.13.3}{\376\377\000A\000p\000\351\000n\000d\000i\000c\000e\000s}{}% 66
\BOOKMARK [0][-]{appendix.Alph1}{\376\377\000M\000a\000l\000a\000s\000\040\000p\000r\000\341\000c\000t\000i\000c\000a\000s\000\040\000e\000n\000\040\000p\000r\000o\000g\000r\000a\000m\000a\000c\000i\000\363\000n}{section.13.3}% 67
\BOOKMARK [0][-]{appendix.Alph2}{\376\377\000E\000n\000c\000u\000e\000s\000t\000a\000\040\000E\000x\000p\000e\000r\000t\000o\000s}{section.13.3}% 68
\BOOKMARK [0][-]{appendix.Alph3}{\376\377\000D\000o\000c\000u\000m\000e\000n\000t\000a\000c\000i\000\363\000n\000\040\000d\000e\000\040\000u\000s\000u\000a\000r\000i\000o}{section.13.3}% 69
\BOOKMARK [1][-]{section.Alph3.1}{\376\377\000I\000n\000t\000r\000o\000d\000u\000c\000c\000i\000\363\000n}{appendix.Alph3}% 70
\BOOKMARK [1][-]{section.Alph3.2}{\376\377\000R\000e\000q\000u\000i\000s\000i\000t\000o\000s\000\040\000d\000e\000\040\000u\000s\000u\000a\000r\000i\000o\000s}{appendix.Alph3}% 71
\BOOKMARK [1][-]{section.Alph3.3}{\376\377\000I\000n\000s\000t\000a\000l\000a\000c\000i\000\363\000n}{appendix.Alph3}% 72
\BOOKMARK [1][-]{section.Alph3.4}{\376\377\000M\000a\000n\000u\000a\000l\000\040\000d\000e\000l\000\040\000u\000s\000u\000a\000r\000i\000o}{appendix.Alph3}% 73
\BOOKMARK [0][-]{appendix*.77}{\376\377\000B\000i\000b\000l\000i\000o\000g\000r\000a\000f\000\355\000a}{section.13.3}% 74
